Structure: 1   Energy = -131.2
Structure: 2   Energy = -149.7
Structure: 3   Energy = -140.4
Structure: 4   Energy = -111.2
