Structure: 1   Energy = -31.8
Structure: 2   Energy = -32.5
Structure: 3   Energy = -31.3
Structure: 4   Energy = -29.2
